/usr/lib/python3/dist-packages/blinker/base.py:96: SyntaxWarning: invalid escape sequence '\*'
  `sender=` as a single positional argument and any \*\*kwargs that
/usr/lib/python3/dist-packages/blinker/base.py:174: SyntaxWarning: invalid escape sequence '\*'
  `sender=` as a single positional argument and any \*\*kwargs that
/usr/lib/python3/dist-packages/blinker/base.py:242: SyntaxWarning: invalid escape sequence '\*'
  """Emit this signal on behalf of *sender*, passing on \*\*kwargs.
  1/1 Mean: 1.000 ━━━━━━━━━━━━━━━━━━━━━━━━━━━━━━━━━━━━━━━━ 0:00:10 0:00:00Results written to jobs/2026-01-04__23-29-13/result.json
        oracle on adhoc         
┏━━━━━━━━━━━━━━━━━━━━━┳━━━━━━━━┓
┃ Metric              ┃ Value  ┃
┡━━━━━━━━━━━━━━━━━━━━━╇━━━━━━━━┩
│ Agent               │ oracle │
│ Dataset             │ adhoc  │
│ Trials              │ 1      │
│ Errors              │ 0      │
│                     │        │
│ Mean                │ 1.000  │
│                     │        │
│ Reward Distribution │        │
│   reward = 1.0      │ 1      │
└─────────────────────┴────────┘

